// Jest Snapshot v1, https://goo.gl/fbAQLP

exports[`Pruebas en PrimeraApp debe de mostrar componente PrimeraApp correctamente 1`] = `
<Fragment>
  <h1>
    Luis
  </h1>
  <p>
    Soy un subtitulo
  </p>
</Fragment>
`;
